1..515
not ok 1 - Command: sudoers_use_pty: exit-status: doesn't match, expect: [0] found: [1]
not ok 2 - Command: sudoers_use_pty: stdout: patterns not found: [/^Defaults.*\suse_pty/]
not ok 3 - Command: auditd_logins_live: exit-status: doesn't match, expect: [0] found: [1]
not ok 4 - Command: auditd_logins_live: stdout: patterns not found: [-w /var/log/faillog -p wa -k logins, -w /var/log/lastlog -p wa -k logins, -w /var/log/tallylog -p wa -k logins]
not ok 5 - Command: auditd_max_log_action: exit-status: doesn't match, expect: [0] found: [2]
not ok 6 - Command: auditd_max_log_action: stdout: patterns not found: [max_log_file_action = keep_logs]
ok 7 - Command: shadow_perms: exit-status: matches expectation: [0]
ok 8 - Command: shadow_perms: stdout: all expectations found: [/6[0.4]0 root (root|shadow)/]
not ok 9 - Command: ssh_rhosts: exit-status: doesn't match, expect: [{"or":[0,1]}] found: [2]
not ok 10 - Command: ssh_rhosts: stdout: patterns not found: [/^(?i)Ignorerhosts yes/]
not ok 11 - Command: auditd_module_cnf: exit-status: doesn't match, expect: [0] found: [2]
not ok 12 - Command: auditd_module_cnf: stdout: patterns not found: [/-w /sbin/insmod -p x -k modules/, /-w /sbin/rmmod -p x -k modules/, /-w /sbin/modprobe -p x -k modules/, /-a always,exit -F arch=b64 -S init_module -S delete_module -k modules/]
not ok 13 - Command: auditd_identity_live: exit-status: doesn't match, expect: [0] found: [1]
not ok 14 - Command: auditd_identity_live: stdout: patterns not found: [-w /etc/group -p wa -k identity, -w /etc/passwd -p wa -k identity, -w /etc/gshadow -p wa -k identity, -w /etc/shadow -p wa -k identity, -w /etc/security/opasswd -p wa -k identity]
ok 15 - Command: uid_0_check: exit-status: matches expectation: [0]
ok 16 - Command: uid_0_check: stdout: all expectations found: [root]
ok 17 - Command: benchmark_meta: exit-status: matches expectation: [0]
ok 18 - Command: ipv4_ip_forward: exit-status: matches expectation: [{"or":[0,1,2]}]
not ok 19 - Command: ipv4_ip_forward: stdout: patterns not found: [/^.*:net.ipv4.ip_forward=0/]
ok 20 - Command: gshadow_perms: exit-status: matches expectation: [0]
ok 21 - Command: gshadow_perms: stdout: all expectations found: [/6[0.4]0 root (root|shadow)/]
not ok 22 - Command: journald_compress: exit-status: doesn't match, expect: [0] found: [1]
not ok 23 - Command: journald_compress: stdout: patterns not found: [Compress=yes]
ok 24 - Command: root_path_check: exit-status: matches expectation: [0]
ok 25 - Command: root_path_check: stdout: all expectations found: [!/\\./]
ok 26 - Command: rsyslog_d_perms: exit-status: matches expectation: [{"or":[0,1]}]
ok 27 - Command: rsyslog_d_perms: stdout: all expectations found: [0, !/[1-9]/]
ok 28 - Command: ipv6_ip_forward: exit-status: matches expectation: [{"or":[0,1,2]}]
not ok 29 - Command: ipv6_ip_forward: stdout: patterns not found: [/^.*:net.ipv6.conf.all.forwarding=0/]
not ok 30 - Command: rsyslog_des_hosts_tcp: exit-status: doesn't match, expect: [0] found: [1]
not ok 31 - Command: rsyslog_des_hosts_tcp: stdout: patterns not found: [/^# \$InputTCPServerRun 514/]
not ok 32 - Command: sshd_MACS: exit-status: doesn't match, expect: [{"or":[0,1]}] found: [2]
not ok 33 - Command: sshd_MACS: stdout: patterns not found: [MACs hmac-sha2-512-etm@openssh.com,hmac-sha2-256-etm@openssh.com,hmac-sha2-512,hmac-sha2-256]
ok 34 - Command: ipv6_all_icmp_redirects: exit-status: matches expectation: [{"or":[0,1]}]
not ok 35 - Command: ipv6_all_icmp_redirects: stdout: patterns not found: [/^net.ipv6.conf.all.accept_redirects(\s|)=(\s|)0/]
ok 36 - Command: passwd_group_exist: exit-status: matches expectation: [{"or":[0,1]}]
ok 37 - Command: passwd_group_exist: stdout: all expectations found: [!/.*/]
ok 38 - Command: inactive_users: exit-status: matches expectation: [0]
not ok 39 - Command: inactive_users: stdout: patterns not found: [!/./]
ok 40 - Command: cdrom_nosuid: exit-status: matches expectation: [0]
ok 41 - Command: cdrom_nosuid: stdout: all expectations found: [Passed_Check]
not ok 42 - Command: auditd_delete_cnf: exit-status: doesn't match, expect: [0] found: [2]
not ok 43 - Command: auditd_delete_cnf: stdout: patterns not found: [/-a always,exit -F arch=b64 -S unlink -S unlinkat -S rename -S renameat -F auid>=1000 -F auid!=4294967295 -k delete|-a always,exit -F arch=b64 -S rmdir,unlink,unlinkat,rename -S renameat -F auid>=1000 -F auid!=4294967295 -F key=delete/, /-a always,exit -F arch=b32 -S unlink -S unlinkat -S rename -S renameat -F auid>=1000 -F auid!=4294967295 -k delete|-a always,exit -F arch=b32 -S rmdir,unlink,unlinkat,rename -S renameat -F auid>=1000 -F auid!=4294967295 -F key=delete/]
ok 44 - Command: bootloader_file_perms: exit-status: matches expectation: [0]
not ok 45 - Command: bootloader_file_perms: stdout: patterns not found: [/400 root root/]
ok 46 - Command: pty_sudoers_d: exit-status: matches expectation: [0]
ok 47 - Command: pty_sudoers_d: stdout: all expectations found: [/[0-99]/]
not ok 48 - Command: ssh_empty_passwd: exit-status: doesn't match, expect: [{"or":[0,1]}] found: [2]
not ok 49 - Command: ssh_empty_passwd: stdout: patterns not found: [/^(?i)PermitEmptyPasswords no/]
ok 50 - Command: home_dirs_restrict: exit-status: matches expectation: [0]
not ok 51 - Command: home_dirs_restrict: stdout: patterns not found: [/7(0|5)0\s/, !/^7[6-9][1-9]\s.*/]
ok 52 - Command: ipv6_def_source_route: exit-status: matches expectation: [{"or":[0,1]}]
not ok 53 - Command: ipv6_def_source_route: stdout: patterns not found: [/^net.ipv6.conf.default.accept_source_route(\s|)=(\s|)0/]
not ok 54 - Command: auditd_grub_backlog: exit-status: doesn't match, expect: [1] found: [0]
not ok 55 - Command: auditd_grub_backlog: stdout: patterns not found: [0]
ok 56 - Command: no_dup_uid: exit-status: matches expectation: [0]
ok 57 - Command: no_dup_uid: stdout: all expectations found: [!/./]
ok 58 - Command: ipv4_def_source_route: exit-status: matches expectation: [{"or":[0,1]}]
not ok 59 - Command: ipv4_def_source_route: stdout: patterns not found: [/^\/etc\/sysctl.*:net.ipv4.conf.default.accept_source_route(\s|)=(\s|)0/]
ok 60 - Command: ipv4_def_icmp_redirects: exit-status: matches expectation: [{"or":[0,1]}]
not ok 61 - Command: ipv4_def_icmp_redirects: stdout: patterns not found: [/^\/etc\/sysctl.*:net.ipv4.conf.default.accept_redirects(\s|)=(\s|)0/]
ok 62 - Command: /etc/ssh/ssh_host_prv_key_perms: exit-status: matches expectation: [0]
ok 63 - Command: /etc/ssh/ssh_host_prv_key_perms: stdout: all expectations found: [!/./]
not ok 64 - Command: journald_Storage: exit-status: doesn't match, expect: [0] found: [1]
not ok 65 - Command: journald_Storage: stdout: patterns not found: [Storage=persistent]
not ok 66 - Command: auditd_logins_cnf: exit-status: doesn't match, expect: [0] found: [2]
not ok 67 - Command: auditd_logins_cnf: stdout: patterns not found: [/-w /var/log/faillog -p wa -k logins/, /-w /var/log/lastlog -p wa -k logins/, /-w /var/log/tallylog -p wa -k logins/]
ok 68 - Command: users_max_pw_expire: exit-status: matches expectation: [{"or":[0,1]}]
not ok 69 - Command: users_max_pw_expire: stdout: patterns not found: [!/^.*/]
not ok 70 - Command: ssh_maxsessions: exit-status: doesn't match, expect: [{"or":[0,1]}] found: [2]
not ok 71 - Command: ssh_maxsessions: stdout: patterns not found: [/^(?i)MaxSessions ([2-9]|10)/]
ok 72 - Command: ufw_def_deny: exit-status: matches expectation: [0]
not ok 73 - Command: ufw_def_deny: stdout: patterns not found: [!/^Manual/]
ok 74 - Command: freevxfs: exit-status: matches expectation: [0]
ok 75 - Command: freevxfs: stdout: all expectations found: [/(install /bin/true|OK)/]
ok 76 - Command: ipv4_all_icmp_redirects: exit-status: matches expectation: [{"or":[0,1]}]
not ok 77 - Command: ipv4_all_icmp_redirects: stdout: patterns not found: [/^\/etc\/sysctl.*:net.ipv4.conf.all.accept_redirects(\s|)=(\s|)0/]
not ok 78 - Command: auditd_mounts_live: exit-status: doesn't match, expect: [0] found: [1]
not ok 79 - Command: auditd_mounts_live: stdout: patterns not found: [-a always,exit -F arch=b64 -S mount -F auid>=1000 -F auid!=-1 -F key=mounts, -a always,exit -F arch=b32 -S mount -F auid>=1000 -F auid!=-1 -F key=mounts]
not ok 80 - Command: ssh_banner: exit-status: doesn't match, expect: [{"or":[0,1]}] found: [2]
not ok 81 - Command: ssh_banner: stdout: patterns not found: [Banner /etc/issue.net]
ok 82 - Command: auditd_immutable: exit-status: matches expectation: [0]
not ok 83 - Command: auditd_immutable: stdout: patterns not found: [-e 2]
ok 84 - Command: user_expire_warn: exit-status: matches expectation: [{"or":[0,1]}]
ok 85 - Command: user_expire_warn: stdout: all expectations found: [!/^.*/]
ok 86 - Command: rpm_filecheck: exit-status: matches expectation: [0]
not ok 87 - Command: rpm_filecheck: stdout: patterns not found: [!/^Manual/]
ok 88 - Command: ipv4_def_rp_filter: exit-status: matches expectation: [{"or":[0,1]}]
ok 89 - Command: ipv4_def_rp_filter: stdout: all expectations found: [/^\/etc\/sysctl.*:net.ipv4.conf.default.rp_filter(\s|)=(\s|)/]
ok 90 - Command: passwd-_perms: exit-status: matches expectation: [0]
ok 91 - Command: passwd-_perms: stdout: all expectations found: [/(0|[4,6][0,4][0,4]) root root/]
not ok 92 - Command: auditd_access_live: exit-status: doesn't match, expect: [0] found: [1]
not ok 93 - Command: auditd_access_live: stdout: patterns not found: [-a always,exit -F arch=b64 -S open,truncate,ftruncate,creat,openat -F exit=-EACCES -F auid>=1000 -F auid!=-1 -F key=access, -a always,exit -F arch=b32 -S open,creat,truncate,ftruncate,openat -F exit=-EACCES -F auid>=1000 -F auid!=-1 -F key=access, -a always,exit -F arch=b64 -S open,truncate,ftruncate,creat,openat -F exit=-EPERM -F auid>=1000 -F auid!=-1 -F key=access, -a always,exit -F arch=b32 -S open,creat,truncate,ftruncate,openat -F exit=-EPERM -F auid>=1000 -F auid!=-1 -F key=access]
not ok 94 - Command: auditd_session_live: exit-status: doesn't match, expect: [0] found: [1]
not ok 95 - Command: auditd_session_live: stdout: patterns not found: [-w /var/run/utmp -p wa -k session, -w /var/log/wtmp -p wa -k logins, -w /var/log/btmp -p wa -k logins]
not ok 96 - Command: auditd_time_cnf: exit-status: doesn't match, expect: [0] found: [2]
not ok 97 - Command: auditd_time_cnf: stdout: patterns not found: [-a always,exit -F arch=b64 -S adjtimex -S settimeofday -k time-change, -a always,exit -F arch=b32 -S adjtimex -S settimeofday -S stime -k time-change, -a always,exit -F arch=b64 -S clock_settime -k time-change, -a always,exit -F arch=b32 -S clock_settime -k time-change, -w /etc/localtime -p wa -k time-change]
ok 98 - Command: ipv4_disable_def_redirect: exit-status: matches expectation: [{"or":[0,1]}]
not ok 99 - Command: ipv4_disable_def_redirect: stdout: patterns not found: [/.*:net.ipv4.conf.default.send_redirects=0/]
ok 100 - Command: ipv4_all_rp_filter: exit-status: matches expectation: [{"or":[0,1]}]
not ok 101 - Command: ipv4_all_rp_filter: stdout: patterns not found: [/^\/etc\/sysctl.*:net.ipv4.conf.all.rp_filter(\s|)=(\s|)1/]
not ok 102 - Command: sshd_tcpforwarding: exit-status: doesn't match, expect: [{"or":[0,1]}] found: [2]
not ok 103 - Command: sshd_tcpforwarding: stdout: patterns not found: [AllowTcpForwarding no]
ok 104 - Command: cremote_login_banner: exit-status: matches expectation: [{"or":[0,1]}]
not ok 105 - Command: cremote_login_banner: stdout: patterns not found: [!/.*/]
not ok 106 - Command: sshd_clientalive: exit-status: doesn't match, expect: [{"or":[0,1]}] found: [2]
not ok 107 - Command: sshd_clientalive: stdout: patterns not found: [ClientAliveInterval 300, ClientAliveCountMax 3, /ClientAliveInterval ([1-9]|[1-2][0-9][0-9]|300)/, /ClientAliveCountMax [0-3]/]
ok 108 - Command: home_dirs_exist: exit-status: matches expectation: [{"or":[0,1,2]}]
not ok 109 - Command: home_dirs_exist: stdout: patterns not found: [!/./]
ok 110 - Command: ipv4_def_sec_redirects: exit-status: matches expectation: [{"or":[0,1]}]
not ok 111 - Command: ipv4_def_sec_redirects: stdout: patterns not found: [/^\/etc\/sysctl.*:net.ipv4.conf.default.secure_redirects(\s|)=(\s|)0/]
ok 112 - Command: logrotate_perms: exit-status: matches expectation: [{"or":[0,1]}]
not ok 113 - Command: logrotate_perms: stdout: patterns not found: [!/.*/]
ok 114 - Command: ipv4_disable_all_redirect: exit-status: matches expectation: [{"or":[0,1]}]
not ok 115 - Command: ipv4_disable_all_redirect: stdout: patterns not found: [/.*:net.ipv4.conf.all.send_redirects=0/]
ok 116 - Command: ipv4_tcp_syncookies: exit-status: matches expectation: [{"or":[0,1]}]
not ok 117 - Command: ipv4_tcp_syncookies: stdout: patterns not found: [/^\/etc\/sysctl.*:net.ipv4.tcp_syncookies(\s|)=(\s|)1/]
not ok 118 - Command: auditd_mounts_cnf: exit-status: doesn't match, expect: [0] found: [2]
not ok 119 - Command: auditd_mounts_cnf: stdout: patterns not found: [/-a always,exit -F arch=b64 -S mount -F auid>=1000 -F auid!=4294967295 -k mounts/, /-a always,exit -F arch=b32 -S mount -F auid>=1000 -F auid!=4294967295 -k mounts/]
ok 120 - Command: no_dup_groupname: exit-status: matches expectation: [0]
ok 121 - Command: no_dup_groupname: stdout: all expectations found: [!/./]
ok 122 - Command: ipv4_ignore_bogus: exit-status: matches expectation: [{"or":[0,1]}]
not ok 123 - Command: ipv4_ignore_bogus: stdout: patterns not found: [/^\/etc\/sysctl.*:net.ipv4.icmp_ignore_bogus_error_responses(\s|)=(\s|)1/]
ok 124 - Command: usb-storage: exit-status: matches expectation: [0]
not ok 125 - Command: usb-storage: stdout: patterns not found: [install /bin/true]
ok 126 - Command: ipv4_ignore_icmp_broadcast: exit-status: matches expectation: [{"or":[0,1]}]
not ok 127 - Command: ipv4_ignore_icmp_broadcast: stdout: patterns not found: [/^\/etc\/sysctl.*:net.ipv4.icmp_echo_ignore_broadcasts(\s|)=(\s|)1/]
ok 128 - Command: modprobe_RDS: exit-status: matches expectation: [{"or":[0,1]}]
ok 129 - Command: /etc/ssh/ssh_host_prv_key_group: exit-status: matches expectation: [0]
ok 130 - Command: /etc/ssh/ssh_host_prv_key_group: stdout: all expectations found: [!/./]
not ok 131 - Command: ssh_maxstartups: exit-status: doesn't match, expect: [{"or":[0,1]}] found: [2]
not ok 132 - Command: ssh_maxstartups: stdout: patterns not found: [MaxStartups 10:30:60]
not ok 133 - Command: auditd_delete_live: exit-status: doesn't match, expect: [0] found: [1]
not ok 134 - Command: auditd_delete_live: stdout: patterns not found: [-a always,exit -F arch=b64 -S rename,unlink,unlinkat,renameat -F auid>=1000 -F auid!=-1 -F key=delete, -a always,exit -F arch=b32 -S unlink,rename,unlinkat,renameat -F auid>=1000 -F auid!=-1 -F key=delete]
ok 135 - Command: logrotate_config: exit-status: matches expectation: [0]
ok 136 - Command: logrotate_config: stdout: all expectations found: [!/^Manual/]
ok 137 - Command: group_perms: exit-status: matches expectation: [0]
ok 138 - Command: group_perms: stdout: all expectations found: [/6[0.4][0,4] root root/]
not ok 139 - Command: ssh_logingrace: exit-status: doesn't match, expect: [{"or":[0,1]}] found: [2]
not ok 140 - Command: ssh_logingrace: stdout: patterns not found: [/^(?i)LoginGraceTime ([1-9]|[1-5][0-9]|60)$/]
not ok 141 - Command: auditd_admin_module_live: exit-status: doesn't match, expect: [0] found: [1]
not ok 142 - Command: auditd_admin_module_live: stdout: patterns not found: [-w /sbin/insmod -p x -k modules, -w /sbin/rmmod -p x -k modules, -w /sbin/modprobe -p x -k modules, -a always,exit -F arch=b64 -S init_module,delete_module -F key=modules]
ok 143 - Command: floppy_nosuid: exit-status: matches expectation: [0]
not ok 144 - Command: floppy_nosuid: stdout: patterns not found: [Passed_Check]
ok 145 - Command: lsmod_dccp: exit-status: matches expectation: [1]
ok 146 - Command: lsmod_dccp: stdout: all expectations found: [!/^.*/]
not ok 147 - Command: auditd_perms_cnf: exit-status: doesn't match, expect: [0] found: [2]
not ok 148 - Command: auditd_perms_cnf: stdout: patterns not found: [/-a always,exit -F arch=b64 -S chmod -S fchmod -S fchmodat -F auid>=1000 -F auid!=4294967295 -k perm_mod/, /-a always,exit -F arch=b32 -S chmod -S fchmod -S fchmodat -F auid>=1000 -F auid!=4294967295 -k perm_mod/, /-a always,exit -F arch=b64 -S chown -S fchown -S fchownat -S lchown -F auid>=1000 -F auid!=4294967295 -k perm_mod/, /-a always,exit -F arch=b32 -S chown -S fchown -S fchownat -S lchown -F auid>=1000 -F auid!=4294967295 -k perm_mod/, /-a always,exit -F arch=b64 -S setxattr -S lsetxattr -S fsetxattr -S removexattr -S lremovexattr -S fremovexattr -F auid>=1000 -F auid!=4294967295 -k perm_mod/, /-a always,exit -F arch=b32 -S setxattr -S lsetxattr -S fsetxattr -S removexattr -S lremovexattr -S fremovexattr -F auid>=1000 -F auid!=4294967295 -k perm_mod/]
not ok 149 - Command: sshd_ciphers: exit-status: doesn't match, expect: [{"or":[0,1]}] found: [2]
not ok 150 - Command: sshd_ciphers: stdout: patterns not found: [Ciphers chacha20-poly1305@openssh.com,aes256-gcm@openssh.com,aes128-gcm@openssh.com,aes256-ctr,aes192-ctr,aes128-ctr]
ok 151 - Command: aslr_enabled_2: exit-status: matches expectation: [{"or":[0,2]}]
not ok 152 - Command: aslr_enabled_2: stdout: patterns not found: [/kernel.randomize_va_space(\s|)=(\s|)2/]
ok 153 - Command: check_root_pw: exit-status: matches expectation: [{"or":[0,1]}]
not ok 154 - Command: check_root_pw: stdout: patterns not found: [!/^root is not locked/]
ok 155 - Command: gpg_configd: exit-status: matches expectation: [0]
ok 156 - Command: gpg_configd: stdout: all expectations found: [!/^Please.*]
ok 157 - Command: ipv6_def_rtr_adverts: exit-status: matches expectation: [{"or":[0,1]}]
not ok 158 - Command: ipv6_def_rtr_adverts: stdout: patterns not found: [/^net.ipv6.conf.default.accept_ra(\s|)=(\s|)0/]
ok 159 - Command: ipv4_all_martians: exit-status: matches expectation: [{"or":[0,1]}]
not ok 160 - Command: ipv4_all_martians: stdout: patterns not found: [/^\/etc\/sysctl.*:net.ipv4.conf.all.log_martians(\s|)=(\s|)1/]
ok 161 - Command: local_login_banner: exit-status: matches expectation: [{"or":[0,1]}]
not ok 162 - Command: local_login_banner: stdout: patterns not found: [!/.*/]
not ok 163 - Command: auditd_admin_scope_cnf: exit-status: doesn't match, expect: [0] found: [2]
not ok 164 - Command: auditd_admin_scope_cnf: stdout: patterns not found: [-w /etc/sudoers -p wa -k scope, -w /etc/sudoers.d/ -p wa -k scope]
ok 165 - Command: cramfs: exit-status: matches expectation: [0]
ok 166 - Command: cramfs: stdout: all expectations found: [/(install /bin/true|OK)/]
ok 167 - Command: umask_027: exit-status: matches expectation: [{"or":[0,1]}]
ok 168 - Command: umask_027: stdout: all expectations found: [!/.*/]
ok 169 - Command: shadow-_perms: exit-status: matches expectation: [0]
ok 170 - Command: shadow-_perms: stdout: all expectations found: [/6[0.4]0 root (root|shadow)/]
not ok 171 - Command: auditd_identity_cnf: exit-status: doesn't match, expect: [0] found: [2]
not ok 172 - Command: auditd_identity_cnf: stdout: patterns not found: [-w /etc/group -p wa -k identity, -w /etc/passwd -p wa -k identity, -w /etc/gshadow -p wa -k identity, -w /etc/shadow -p wa -k identity, -w /etc/security/opasswd -p wa -k identity]
not ok 173 - Command: auditd_max_log_file: exit-status: doesn't match, expect: [0] found: [2]
not ok 174 - Command: auditd_max_log_file: stdout: patterns not found: [/max_log_file = [1-9][0-9]{1,2}/]
ok 175 - Command: no_dup_username: exit-status: matches expectation: [0]
ok 176 - Command: no_dup_username: stdout: all expectations found: [!/./]
ok 177 - Command: check_motd_files: exit-status: matches expectation: [{"or":[0,2]}]
not ok 178 - Command: check_motd_files: stdout: patterns not found: [!/.*/]
ok 179 - Command: modprobe_sctp: exit-status: matches expectation: [0]
not ok 180 - Command: modprobe_sctp: stdout: patterns not found: [install /bin/true]
not ok 181 - Command: journald_fwd_syslog: exit-status: doesn't match, expect: [0] found: [1]
not ok 182 - Command: journald_fwd_syslog: stdout: patterns not found: [/^ForwardToSyslog=yes/]
ok 183 - Command: inactive_passwd: exit-status: matches expectation: [0]
ok 184 - Command: inactive_passwd: stdout: all expectations found: [/^INACTIVE=[1-30]/]
not ok 185 - Command: auditd_locale_live: exit-status: doesn't match, expect: [0] found: [1]
not ok 186 - Command: auditd_locale_live: stdout: patterns not found: [-a always,exit -F arch=b64 -S sethostname,setdomainname -F key=system-locale, -a always,exit -F arch=b32 -S sethostname,setdomainname -F key=system-locale, -w /etc/issue -p wa -k system-locale, -w /etc/issue.net -p wa -k system-locale, -w /etc/hosts -p wa -k system-locale, -w /etc/network -p wa -k system-locale]
ok 187 - Command: lsmod_TIPC: exit-status: matches expectation: [1]
ok 188 - Command: lsmod_TIPC: stdout: all expectations found: [!/^.*/]
ok 189 - Command: log_sudoers_d: exit-status: matches expectation: [{"lt":3}]
ok 190 - Command: log_sudoers_d: stdout: all expectations found: [/[1:99]/]
not ok 191 - Command: ssh_permit_root: exit-status: doesn't match, expect: [{"or":[0,1]}] found: [2]
not ok 192 - Command: ssh_permit_root: stdout: patterns not found: [/^(?i)PermitRootLogin no/]
ok 193 - Command: jffs: exit-status: matches expectation: [{"or":[0,1]}]
ok 194 - Command: jffs: stdout: all expectations found: [/(install /bin/true|OK)/]
ok 195 - Command: cdrom_nodev: exit-status: matches expectation: [0]
ok 196 - Command: cdrom_nodev: stdout: all expectations found: [Passed_Check]
ok 197 - Command: ipv4_all_sec_redirects: exit-status: matches expectation: [{"or":[0,1]}]
not ok 198 - Command: ipv4_all_sec_redirects: stdout: patterns not found: [/^\/etc\/sysctl.*:net.ipv4.conf.all.secure_redirects(\s|)=(\s|)0/]
ok 199 - Command: core_dumps_limits: exit-status: matches expectation: [{"or":[0,2]}]
not ok 200 - Command: core_dumps_limits: stdout: patterns not found: [/^\/*.*\shard.*core.*0/]
not ok 201 - Command: auditd_perms_live: exit-status: doesn't match, expect: [0] found: [1]
not ok 202 - Command: auditd_perms_live: stdout: patterns not found: [-a always,exit -F arch=b64 -S chmod,fchmod,fchmodat -F auid>=1000 -F auid!=-1 -F key=perm_mod, -a always,exit -F arch=b32 -S chmod,fchmod,fchmodat -F auid>=1000 -F auid!=-1 -F key=perm_mod, -a always,exit -F arch=b64 -S chown,fchown,lchown,fchownat -F auid>=1000 -F auid!=-1 -F key=perm_mod, -a always,exit -F arch=b32 -S lchown,fchown,chown,fchownat -F auid>=1000 -F auid!=-1 -F key=perm_mod, -a always,exit -F arch=b64 -S setxattr,lsetxattr,fsetxattr,removexattr,lremovexattr,fremovexattr -F auid>=1000 -F auid!=-1 -F key=perm_mod, -a always,exit -F arch=b32 -S setxattr,lsetxattr,fsetxattr,removexattr,lremovexattr,fremovexattr -F auid>=1000 -F auid!=-1 -F key=perm_mod]
not ok 203 - Command: auditd_locale_cnf: exit-status: doesn't match, expect: [0] found: [2]
not ok 204 - Command: auditd_locale_cnf: stdout: patterns not found: [-a always,exit -F arch=b64 -S sethostname -S setdomainname -k system-locale, -a always,exit -F arch=b32 -S sethostname -S setdomainname -k system-locale, -w /etc/issue -p wa -k system-locale, -w /etc/issue.net -p wa -k system-locale, -w /etc/hosts -p wa -k system-locale, -w /etc/network -p wa -k system-locale]
not ok 205 - Command: ssh_userenv: exit-status: doesn't match, expect: [{"or":[0,1]}] found: [2]
not ok 206 - Command: ssh_userenv: stdout: patterns not found: [/^(?i)PermitUserEnvironment no/]
not ok 207 - Command: auditd_sessions_cnf: exit-status: doesn't match, expect: [0] found: [2]
not ok 208 - Command: auditd_sessions_cnf: stdout: patterns not found: [-w /var/run/utmp -p wa -k session, -w /var/log/wtmp -p wa -k logins, -w /var/log/btmp -p wa -k logins]
ok 209 - Command: ipv6_def_icmp_redirects: exit-status: matches expectation: [{"or":[0,1]}]
not ok 210 - Command: ipv6_def_icmp_redirects: stdout: patterns not found: [/^net.ipv6.conf.default.accept_redirects(\s|)=(\s|)0/]
ok 211 - Command: non_essen_svcs: exit-status: matches expectation: [0]
ok 212 - Command: non_essen_svcs: stdout: all expectations found: [/^Manual/]
not ok 213 - Command: ssh_x11: exit-status: doesn't match, expect: [{"or":[0,1]}] found: [2]
not ok 214 - Command: ssh_x11: stdout: patterns not found: [/^(?i)X11forwarding no/]
ok 215 - Command: group-_perms: exit-status: matches expectation: [0]
ok 216 - Command: group-_perms: stdout: all expectations found: [/6[0.4][0,4] root root/]
not ok 217 - Command: ssh_loglevel: exit-status: doesn't match, expect: [{"or":[0,1]}] found: [2]
not ok 218 - Command: ssh_loglevel: stdout: patterns not found: [/LogLevel (VERBOSE|INFO)/]
ok 219 - Command: /etc/ssh/ssh_host_pub_key_group: exit-status: matches expectation: [0]
ok 220 - Command: /etc/ssh/ssh_host_pub_key_group: stdout: all expectations found: [!/./]
ok 221 - Command: ufw_open_ports: exit-status: matches expectation: [0]
not ok 222 - Command: ufw_open_ports: stdout: patterns not found: [!/^Manual/]
ok 223 - Command: modprobe_dccp: exit-status: matches expectation: [0]
not ok 224 - Command: modprobe_dccp: stdout: patterns not found: [install /bin/true]
ok 225 - Command: login_defs_PASS_MAX_DAYS: exit-status: matches expectation: [0]
not ok 226 - Command: login_defs_PASS_MAX_DAYS: stdout: patterns not found: [/^PASS_MAX_DAYS\s*365/, !/^PASS_MAX_DAYS\s*(36[6-9]|[4-9][0-9][0-9]|[1-9][0-9]{3,})/]
not ok 227 - Command: auditd_priv_cmds_cnf: exit-status: doesn't match, expect: [0] found: [2]
ok 228 - Command: /etc/ssh/ssh_host_pub_key_user: exit-status: matches expectation: [0]
ok 229 - Command: /etc/ssh/ssh_host_pub_key_user: stdout: all expectations found: [!/./]
not ok 230 - Command: auditd_sudolog_live: exit-status: doesn't match, expect: [0] found: [1]
not ok 231 - Command: auditd_sudolog_live: stdout: patterns not found: [-a always,exit -F arch=b64 -S execve -C uid!=euid -F euid=0 -F auid>=1000 -F auid!=-1 -F key=actions, -a always,exit -F arch=b32 -S execve -C uid!=euid -F euid=0 -F auid>=1000 -F auid!=-1 -F key=actions]
ok 232 - Command: ipv4_def_martians: exit-status: matches expectation: [{"or":[0,1]}]
not ok 233 - Command: ipv4_def_martians: stdout: patterns not found: [/^\/etc\/sysctl.*:net.ipv4.conf.default.log_martians(\s|)=(\s|)1/]
ok 234 - Command: ipv4_all_source_route: exit-status: matches expectation: [{"or":[0,1]}]
not ok 235 - Command: ipv4_all_source_route: stdout: patterns not found: [/^\/etc\/sysctl.*:net.ipv4.conf.all.accept_source_route(\s|)=(\s|)0/]
not ok 236 - Command: sshd_authtries: exit-status: doesn't match, expect: [{"or":[0,1]}] found: [2]
not ok 237 - Command: sshd_authtries: stdout: patterns not found: [/(?i)maxauthtries [1-4]/]
ok 238 - Command: ssh_configd_banner: exit-status: matches expectation: [{"or":[0,1,2]}]
ok 239 - Command: ssh_configd_banner: stdout: all expectations found: [!/.*/]
ok 240 - Command: cdrom_noexec: exit-status: matches expectation: [0]
ok 241 - Command: cdrom_noexec: stdout: all expectations found: [Passed_Check]
ok 242 - Command: home_dirs_owned: exit-status: matches expectation: [0]
ok 243 - Command: home_dirs_owned: stdout: all expectations found: [!/./]
ok 244 - Command: no_dup_gid: exit-status: matches expectation: [0]
ok 245 - Command: no_dup_gid: stdout: all expectations found: [!/./]
not ok 246 - Command: suid_dumpable_2: exit-status: doesn't match, expect: [0] found: [1]
not ok 247 - Command: suid_dumpable_2: stdout: patterns not found: [fs.suid_dumpable=0]
ok 248 - Command: empty_shadow_group: exit-status: matches expectation: [{"or":[0,1]}]
ok 249 - Command: empty_shadow_group: stdout: all expectations found: [!/.*/]
ok 250 - Command: udf: exit-status: matches expectation: [0]
ok 251 - Command: udf: stdout: all expectations found: [/(install /bin/true|OK)/]
ok 252 - Command: secure_system_accts: exit-status: matches expectation: [1]
ok 253 - Command: secure_system_accts: stdout: all expectations found: [!/./]
ok 254 - Command: floppy_noexec: exit-status: matches expectation: [0]
not ok 255 - Command: floppy_noexec: stdout: patterns not found: [Passed_Check]
not ok 256 - Command: auditd_grub: exit-status: doesn't match, expect: [1] found: [0]
not ok 257 - Command: auditd_grub: stdout: patterns not found: [0]
ok 258 - Command: ufw_outbound: exit-status: matches expectation: [0]
not ok 259 - Command: ufw_outbound: stdout: patterns not found: [!/^Manual/]
ok 260 - Command: floppy_nodev: exit-status: matches expectation: [0]
not ok 261 - Command: floppy_nodev: stdout: patterns not found: [Passed_Check]
not ok 262 - Command: auditd_admin_scope_live: exit-status: doesn't match, expect: [0] found: [1]
not ok 263 - Command: auditd_admin_scope_live: stdout: patterns not found: [-w /etc/sudoers -p wa -k scope, -w /etc/sudoers.d -p wa -k scope]
ok 264 - Command: repos_configd: exit-status: matches expectation: [0]
ok 265 - Command: repos_configd: stdout: all expectations found: [!/^Please.*]
ok 266 - Command: passwd_perms: exit-status: matches expectation: [0]
ok 267 - Command: passwd_perms: stdout: all expectations found: [/6[0.4][0,4] root root/]
ok 268 - Command: ipv6_all_rtr_adverts: exit-status: matches expectation: [{"or":[0,1]}]
not ok 269 - Command: ipv6_all_rtr_adverts: stdout: patterns not found: [/^net.ipv6.conf.all.accept_ra = 0/]
not ok 270 - Command: lsmod_sctp: exit-status: doesn't match, expect: [1] found: [0]
not ok 271 - Command: lsmod_sctp: stdout: patterns not found: [!/^.*/]
not ok 272 - Command: auditd_access_cnf: exit-status: doesn't match, expect: [0] found: [2]
not ok 273 - Command: auditd_access_cnf: stdout: patterns not found: [/-a always,exit -F arch=b32 -S creat -S open -S openat -S truncate -S ftruncate -F exit=-EACCES -F auid>=1000 -F auid!=4294967295 -k access/, /-a always,exit -F arch=b32 -S creat -S open -S openat -S truncate -S ftruncate -F exit=-EPERM -F auid>=1000 -F auid!=4294967295 -k access/, /-a always,exit -F arch=b64 -S creat -S open -S openat -S truncate -S ftruncate -F exit=-EACCES -F auid>=1000 -F auid!=4294967295 -k access/, /-a always,exit -F arch=b64 -S creat -S open -S openat -S truncate -S ftruncate -F exit=-EPERM -F auid>=1000 -F auid!=4294967295 -k access/]
ok 274 - Command: login_defs_PASS_MIN_DAYS: exit-status: matches expectation: [0]
not ok 275 - Command: login_defs_PASS_MIN_DAYS: stdout: patterns not found: [/^PASS_MIN_DAYS\s*1/, /^PASS_MIN_DAYS\s*([1-9]|[1-9][0-9]{2,})/]
ok 276 - Command: gshadow-_perms: exit-status: matches expectation: [0]
ok 277 - Command: gshadow-_perms: stdout: all expectations found: [/6[0,4]0 root (root|shadow)/]
ok 278 - Command: logfile_configured: exit-status: matches expectation: [0]
not ok 279 - Command: logfile_configured: stdout: patterns not found: [!/./]
not ok 280 - Command: ssh_hostbased_auth: exit-status: doesn't match, expect: [{"or":[0,1]}] found: [2]
not ok 281 - Command: ssh_hostbased_auth: stdout: patterns not found: [/^(?i)HostbasedAuthentication no/]
not ok 282 - Command: ssh_usepam: exit-status: doesn't match, expect: [{"or":[0,1]}] found: [2]
not ok 283 - Command: ssh_usepam: stdout: patterns not found: [UsePAM yes]
not ok 284 - Command: sshd_KEX: exit-status: doesn't match, expect: [{"or":[0,1]}] found: [2]
not ok 285 - Command: sshd_KEX: stdout: patterns not found: [KexAlgorithms curve25519-sha256,curve25519-sha256@libssh.org,diffie-hellman-group14-sha256,diffie-hellman-group16-sha512,diffie-hellman-group18-sha512,ecdh-sha2-nistp521,ecdh-sha2-nistp384,ecdh-sha2-nistp256,diffie-hellman-group-exchange-sha256]
not ok 286 - Command: remote_syslog: exit-status: doesn't match, expect: [0] found: [1]
not ok 287 - Command: remote_syslog: stdout: patterns not found: [/\*\.\* @@*./]
ok 288 - Command: login_def_PASS_WARN_AGE: exit-status: matches expectation: [0]
ok 289 - Command: login_def_PASS_WARN_AGE: stdout: all expectations found: [/^PASS_WARN_AGE\s*7/, !/^PASS_WARN_AGE\s*[1-6]/]
ok 290 - Command: ipv6_all_source_route: exit-status: matches expectation: [{"or":[0,1]}]
not ok 291 - Command: ipv6_all_source_route: stdout: patterns not found: [/^net.ipv6.conf.all.accept_source_route= 0/]
ok 292 - Command: wireless_disabled: exit-status: matches expectation: [0]
not ok 293 - Command: wireless_disabled: stdout: patterns not found: [/^(enabled|disabled)\s\s(disabled)\s\s(enabled|disabled)\s\s(disabled)/]
not ok 294 - Command: auditd_sudolog_cnf: exit-status: doesn't match, expect: [0] found: [2]
not ok 295 - Command: auditd_sudolog_cnf: stdout: patterns not found: [-a always,exit -F arch=b64 -C euid!=uid -F euid=0 -F auid>=1000 -F auid!=4294967295 -S execve -k actions, -a always,exit -F arch=b32 -C euid!=uid -F euid=0 -F auid>=1000 -F auid!=4294967295 -S execve -k actions]
ok 296 - Command: secure_system_LK: exit-status: matches expectation: [1]
ok 297 - Command: secure_system_LK: stdout: all expectations found: [0]
ok 298 - Command: modprobe_TIPC: exit-status: matches expectation: [{"or":[0,1]}]
not ok 299 - Command: auditd_space_actions: exit-status: doesn't match, expect: [0] found: [2]
not ok 300 - Command: auditd_space_actions: stdout: patterns not found: [space_left_action = email, action_mail_acct = root, /^admin_space_left_action = halt/]
ok 301 - Command: lsmod_RDS: exit-status: matches expectation: [1]
ok 302 - Command: lsmod_RDS: stdout: all expectations found: [!/^.*/]
ok 303 - Command: hfsplus: exit-status: matches expectation: [0]
ok 304 - Command: hfsplus: stdout: all expectations found: [/(install /bin/true|OK)/]
not ok 305 - Command: auditd_time_live: exit-status: doesn't match, expect: [0] found: [1]
not ok 306 - Command: auditd_time_live: stdout: patterns not found: [-a always,exit -F arch=b32 -S stime,settimeofday,adjtimex -F key=time-change, -a always,exit -F arch=b32 -S clock_settime -F key=time-change, -a always,exit -F arch=b64 -S adjtimex,settimeofday -F key=time-change, -a always,exit -F arch=b64 -S clock_settime -F key=time-change, -w /etc/localtime -p wa -k time-change]
ok 307 - Command: port_25_local_only: exit-status: matches expectation: [{"or":[0,1]}]
ok 308 - Command: port_25_local_only: stdout: all expectations found: [!/.*/]
not ok 309 - Command: rsyslog_des_hosts: exit-status: doesn't match, expect: [0] found: [1]
not ok 310 - Command: rsyslog_des_hosts: stdout: patterns not found: [/^# \$ModLoad imtcp/]
ok 311 - Command: kernel_nx: exit-status: matches expectation: [0]
ok 312 - Command: kernel_nx: stdout: all expectations found: [kernel: NX (Execute Disable) protection: active]
ok 313 - Command: /etc/ssh/ssh_host_pub_key_perms: exit-status: matches expectation: [0]
ok 314 - Command: /etc/ssh/ssh_host_pub_key_perms: stdout: all expectations found: [!/./]
ok 315 - Command: /etc/ssh/ssh_host_prv_key_user: exit-status: matches expectation: [0]
ok 316 - Command: /etc/ssh/ssh_host_prv_key_user: stdout: all expectations found: [!/./]
ok 317 - Command: ufw_local: exit-status: matches expectation: [0]
not ok 318 - Command: ufw_local: stdout: patterns not found: [/^Anywhere on lo             ALLOW IN    Anywhere/, /^Anywhere                   DENY IN     127.0.0.0\/8/, /^Anywhere (v6) on lo        ALLOW IN    Anywhere (v6)/, /^Anywhere (v6)              DENY IN     ::1/, /^Anywhere                   ALLOW OUT   Anywhere on lo/, /^Anywhere (v6)              ALLOW OUT   Anywhere (v6) on lo/]
ok 319 - Command: hfs: exit-status: matches expectation: [0]
ok 320 - Command: hfs: stdout: all expectations found: [/(install /bin/true|OK)/]
ok 321 - Command: squashfs: exit-status: matches expectation: [{"or":[0,1]}]
ok 322 - Command: squashfs: stdout: all expectations found: [/(install /bin/true|OK)/]
ok 323 - Package: iptables-persistent: installed: matches expectation: [false]
not ok 324 - Package: auditd: installed: doesn't match, expect: [true] found: [false]
ok 325 - Package: snmpd: installed: matches expectation: [false]
ok 326 - Package: ufw: installed: matches expectation: [true]
ok 327 - Package: httpd: installed: matches expectation: [false]
not ok 328 - Package: libpam-pwquality: installed: doesn't match, expect: [true] found: [false]
not ok 329 - Package: rsync: installed: doesn't match, expect: [false] found: [true]
ok 330 - Package: talk: installed: matches expectation: [false]
not ok 331 - Package: telnet: installed: doesn't match, expect: [false] found: [true]
ok 332 - Package: rsh-client: installed: matches expectation: [false]
ok 333 - Package: rsyslog: installed: matches expectation: [true]
ok 334 - Package: squid: installed: matches expectation: [false]
ok 335 - Package: ntp: installed: matches expectation: [false]
ok 336 - Package: dovecot-pop3d: installed: matches expectation: [false]
ok 337 - Package: sudo: installed: matches expectation: [true]
not ok 338 - Package: avahi-daemon: installed: doesn't match, expect: [false] found: [true]
ok 339 - Package: nis: installed: matches expectation: [false]
not ok 340 - dot_forward_files: exit-status: Error: Command execution timed out (10s)
not ok 341 - dot_forward_files: stdout: Error: Command execution timed out (10s)
not ok 342 - Package: gdm3: installed: doesn't match, expect: [false] found: [true]
not ok 343 - Package: cups: installed: doesn't match, expect: [false] found: [true]
ok 344 - Package: slapd: installed: matches expectation: [false]
ok 345 - Package: samba: installed: matches expectation: [false]
ok 346 - Package: dovecot-imapd: installed: matches expectation: [false]
ok 347 - Package: ldap-utils: installed: matches expectation: [false]
not ok 348 - Package: chrony: installed: doesn't match, expect: [true] found: [false]
ok 349 - Package: bind9: installed: matches expectation: [false]
ok 350 - Package: xserver-xorg: installed: matches expectation: [false]
ok 351 - Package: apparmor: installed: matches expectation: [true]
ok 352 - Package: cron: installed: matches expectation: [true]
ok 353 - Package: prelink: installed: matches expectation: [false]
ok 354 - Package: rpcbind: installed: matches expectation: [false]
not ok 355 - dot_rhosts_files: exit-status: Error: Command execution timed out (10s)
not ok 356 - dot_rhosts_files: stdout: Error: Command execution timed out (10s)
not ok 357 - Package: audispd-plugins: installed: doesn't match, expect: [true] found: [false]
not ok 358 - Service: auditd: enabled: doesn't match, expect: [true] found: [false]
not ok 359 - Service: auditd: running: doesn't match, expect: [true] found: [false]
ok 360 - File: /etc/cron.weekly: exists: matches expectation: [true]
not ok 361 - File: /etc/cron.weekly: mode: doesn't match, expect: ["0700"] found: ["0755"]
ok 362 - File: /etc/cron.weekly: owner: matches expectation: ["root"]
ok 363 - File: /etc/cron.weekly: group: matches expectation: ["root"]
ok 364 - File: /etc/cron.d: exists: matches expectation: [true]
not ok 365 - File: /etc/cron.d: mode: doesn't match, expect: ["0700"] found: ["0755"]
ok 366 - File: /etc/cron.d: owner: matches expectation: ["root"]
ok 367 - File: /etc/cron.d: group: matches expectation: ["root"]
ok 368 - File: /boot/grub/grub.cfg: exists: matches expectation: [true]
not ok 369 - File: /boot/grub/grub.cfg: contains: patterns not found: [/apparmor=1/, /security=apparmor/]
not ok 370 - File: /etc/profile.d/tmout.sh: exists: doesn't match, expect: [true] found: [false]
ok 371 - # SKIP File: /etc/profile.d/tmout.sh: contains: skipped
ok 372 - File: /etc/shadow: exists: matches expectation: [true]
ok 373 - File: /etc/shadow: contains: all expectations found: [!/^*.[a-z]::/]
ok 374 - Service: ufw: enabled: matches expectation: [true]
ok 375 - Service: ufw: running: matches expectation: [true]
ok 376 - File: /etc/at.deny: exists: matches expectation: [false]
ok 377 - File: /etc/passwd: exists: matches expectation: [true]
ok 378 - File: /etc/passwd: contains: all expectations found: [/^.*:x:/]
not ok 379 - File: /etc/ssh/sshd_config: exists: doesn't match, expect: [true] found: [false]
ok 380 - # SKIP File: /etc/ssh/sshd_config: mode: skipped
ok 381 - # SKIP File: /etc/ssh/sshd_config: owner: skipped
ok 382 - # SKIP File: /etc/ssh/sshd_config: group: skipped
ok 383 - File: /etc/cron.monthly: exists: matches expectation: [true]
not ok 384 - File: /etc/cron.monthly: mode: doesn't match, expect: ["0700"] found: ["0755"]
ok 385 - File: /etc/cron.monthly: owner: matches expectation: ["root"]
ok 386 - File: /etc/cron.monthly: group: matches expectation: ["root"]
ok 387 - File: /etc/security/pwquality.conf: exists: matches expectation: [true]
not ok 388 - File: /etc/security/pwquality.conf: contains: patterns not found: [4, 14]
ok 389 - File: /etc/issue.net: exists: matches expectation: [true]
ok 390 - File: /etc/issue.net: mode: matches expectation: ["0644"]
ok 391 - File: /etc/issue.net: owner: matches expectation: ["root"]
ok 392 - File: /etc/issue.net: group: matches expectation: ["root"]
ok 393 - File: /etc/pam.d/common-auth: exists: matches expectation: [true]
not ok 394 - File: /etc/pam.d/common-auth: contains: patterns not found: [/^auth\s*required\s*pam_tally2.so/]
ok 395 - File: /etc/pam.d/common-account: exists: matches expectation: [true]
not ok 396 - File: /etc/pam.d/common-account: contains: patterns not found: [/^account\s*required\s*pam_tally2.so/]
not ok 397 - File: /etc/chrony/chrony.conf: exists: doesn't match, expect: [true] found: [false]
ok 398 - # SKIP File: /etc/chrony/chrony.conf: contains: skipped
ok 399 - File: /etc/cron.deny: exists: matches expectation: [false]
ok 400 - File: /etc/pam.d/common-session: exists: matches expectation: [true]
ok 401 - File: /etc/pam.d/common-session: contains: all expectations found: [/^session\s+optional\s+pam_umask.so/]
ok 402 - File: /etc/logrotate.conf: exists: matches expectation: [true]
not ok 403 - File: /etc/logrotate.conf: contains: patterns not found: [/^(\s*|)create 06[0,4]0/]
not ok 404 - passwd_chg_past: exit-status: Error: Command execution timed out (10s)
not ok 405 - passwd_chg_past: stdout: Error: Command execution timed out (10s)
ok 406 - File: /etc/rsyslog.d/50-default.conf: exists: matches expectation: [true]
not ok 407 - File: /etc/rsyslog.d/50-default.conf: contains: patterns not found: [/^mail.*             -/var/log/mail/, /^auth,authpriv.*     /var/log/auth.log/, /^mail.info\s*       -/var/log/mail.info/, /^mail.warn\s*       -/var/log/mail.warn/, /^mail.err\s*         /var/log/mail.err/, /^news.err\s*        -/var/log/news/news.err/, /^news.crit\s*       -/var/log/news/news.crit/, /^news.notice\s*     -/var/log/news/news.notice/, /^*.=warning;\*.=err\s*  -/var/log/warn/, /^*.crit\s*           /var/log/warn/, /^*.*;mail.none;news.none\s*   -/var/log/messages/, /^local0,local1.\*\s*          -/var/log/localmessages/, /^local2,local3.\*\s*          -/var/log/localmessages/, /^local4,local5.\*\s*          -/var/log/localmessages/, /^local6,local7.\*\s*          -/var/log/localmessages/, /^*.emerg\s*                   :omusrmsg:*/]
ok 408 - File: /etc/pam.d/common-password: exists: matches expectation: [true]
ok 409 - File: /etc/pam.d/common-password: contains: all expectations found: [/^password\s+\[success=1 default=ignore\]\s+pam_unix.so obscure.*\ssha512/, !/^password.*md5/]
not ok 410 - File: /etc/systemd/coredump.conf: exists: doesn't match, expect: [true] found: [false]
ok 411 - # SKIP File: /etc/systemd/coredump.conf: contains: skipped
ok 412 - File: /etc/pam.d/su: exists: matches expectation: [true]
not ok 413 - File: /etc/pam.d/su: contains: patterns not found: [/^auth.*required.*pam_wheel.so\suse_uid/]
ok 414 - File: /usr/sbin/grub-mkconfig: exists: matches expectation: [true]
not ok 415 - File: /usr/sbin/grub-mkconfig: contains: patterns not found: [!/chmod ([0-3]|[5-7)[[1-7][1-7])/, !/password/]
not ok 416 - File: /etc/cron.allow: exists: doesn't match, expect: [true] found: [false]
ok 417 - # SKIP File: /etc/cron.allow: mode: skipped
ok 418 - # SKIP File: /etc/cron.allow: owner: skipped
ok 419 - # SKIP File: /etc/cron.allow: group: skipped
ok 420 - File: /etc/group: exists: matches expectation: [true]
not ok 421 - File: /etc/group: contains: patterns not found: [/^wheel:x:[1-9][0-9]{1,4}:$/]
ok 422 - File: /etc/default/grub: exists: matches expectation: [true]
not ok 423 - File: /etc/default/grub: contains: patterns not found: [/GRUB_CMDLINE_LINUX=".*audit_backlog_limit=2048/, /audit_backlog_limit=(819[2-9]|8[2-9]{2,}|9[0-9]{3,}|[1-9]{5,})/]
ok 424 - File: /etc/cron.daily: exists: matches expectation: [true]
not ok 425 - File: /etc/cron.daily: mode: doesn't match, expect: ["0700"] found: ["0755"]
ok 426 - File: /etc/cron.daily: owner: matches expectation: ["root"]
ok 427 - File: /etc/cron.daily: group: matches expectation: ["root"]
ok 428 - File: /etc/issue: exists: matches expectation: [true]
ok 429 - File: /etc/issue: mode: matches expectation: ["0644"]
ok 430 - File: /etc/issue: owner: matches expectation: ["root"]
ok 431 - File: /etc/issue: group: matches expectation: ["root"]
ok 432 - File: /etc/crontab: exists: matches expectation: [true]
not ok 433 - File: /etc/crontab: mode: doesn't match, expect: ["0600"] found: ["0644"]
ok 434 - File: /etc/crontab: owner: matches expectation: ["root"]
ok 435 - File: /etc/crontab: group: matches expectation: ["root"]
ok 436 - User: root: exists: matches expectation: [true]
ok 437 - User: root: uid: matches expectation: [0]
ok 438 - User: root: gid: matches expectation: [0]
ok 439 - KernelParam: net.ipv4.tcp_syncookies: value: matches expectation: ["1"]
not ok 440 - KernelParam: net.ipv4.conf.all.secure_redirects: value: doesn't match, expect: ["0"] found: ["1"]
ok 441 - KernelParam: net.ipv6.conf.all.forwarding: value: matches expectation: ["0"]
not ok 442 - KernelParam: net.ipv6.conf.default.accept_redirects: value: doesn't match, expect: ["0"] found: ["1"]
ok 443 - KernelParam: fs.suid_dumpable: value: matches expectation: ["0"]
ok 444 - File: /etc/cron.hourly: exists: matches expectation: [true]
not ok 445 - File: /etc/cron.hourly: mode: doesn't match, expect: ["0700"] found: ["0755"]
ok 446 - File: /etc/cron.hourly: owner: matches expectation: ["root"]
ok 447 - File: /etc/cron.hourly: group: matches expectation: ["root"]
ok 448 - KernelParam: net.ipv6.conf.default.accept_source_route: value: matches expectation: ["0"]
ok 449 - KernelParam: net.ipv4.icmp_ignore_bogus_error_responses: value: matches expectation: ["1"]
not ok 450 - KernelParam: net.ipv4.conf.all.rp_filter: value: doesn't match, expect: ["1"] found: ["2"]
not ok 451 - KernelParam: net.ipv6.conf.all.accept_redirects: value: doesn't match, expect: ["0"] found: ["1"]
not ok 452 - File: /etc/at.allow: exists: doesn't match, expect: [true] found: [false]
ok 453 - # SKIP File: /etc/at.allow: mode: skipped
ok 454 - # SKIP File: /etc/at.allow: owner: skipped
ok 455 - # SKIP File: /etc/at.allow: group: skipped
not ok 456 - KernelParam: net.ipv4.conf.default.send_redirects: value: doesn't match, expect: ["0"] found: ["1"]
ok 457 - KernelParam: net.ipv4.conf.all.accept_source_route: value: matches expectation: ["0"]
not ok 458 - KernelParam: net.ipv4.conf.default.rp_filter: value: doesn't match, expect: ["1"] found: ["2"]
ok 459 - KernelParam: net.ipv4.ip_forward: value: matches expectation: ["0"]
not ok 460 - KernelParam: net.ipv4.conf.all.log_martians: value: doesn't match, expect: ["1"] found: ["0"]
not ok 461 - KernelParam: net.ipv6.conf.all.accept_ra: value: doesn't match, expect: ["0"] found: ["1"]
not ok 462 - KernelParam: net.ipv4.conf.default.accept_source_route: value: doesn't match, expect: ["0"] found: ["1"]
ok 463 - KernelParam: net.ipv6.conf.all.accept_source_route: value: matches expectation: ["0"]
not ok 464 - KernelParam: net.ipv4.conf.all.send_redirects: value: doesn't match, expect: ["0"] found: ["1"]
not ok 465 - KernelParam: net.ipv4.conf.all.accept_redirects: value: doesn't match, expect: ["0"] found: ["1"]
ok 466 - KernelParam: kernel.randomize_va_space: value: matches expectation: ["2"]
not ok 467 - KernelParam: net.ipv4.conf.default.secure_redirects: value: doesn't match, expect: ["0"] found: ["1"]
not ok 468 - KernelParam: net.ipv4.conf.default.log_martians: value: doesn't match, expect: ["1"] found: ["0"]
not ok 469 - KernelParam: net.ipv6.conf.default.accept_ra: value: doesn't match, expect: ["0"] found: ["1"]
ok 470 - Mount: /dev/shm: exists: matches expectation: [true]
not ok 471 - Mount: /dev/shm: opts: doesn't match, expect: [["nodev","nosuid","noexec"]] found: [["rw","nosuid","nodev"]]
not ok 472 - Mount: /var: exists: doesn't match, expect: [true] found: [false]
not ok 473 - Mount: /var/tmp: exists: doesn't match, expect: [true] found: [false]
ok 474 - # SKIP Mount: /var/tmp: opts: skipped
not ok 475 - Mount: /var/log: exists: doesn't match, expect: [true] found: [false]
ok 476 - KernelParam: net.ipv4.icmp_echo_ignore_broadcasts: value: matches expectation: ["1"]
not ok 477 - Mount: /home: exists: doesn't match, expect: [true] found: [false]
ok 478 - # SKIP Mount: /home: opts: skipped
not ok 479 - KernelParam: net.ipv4.conf.default.accept_redirects: value: doesn't match, expect: ["0"] found: ["1"]
ok 480 - Service: rsyslog: enabled: matches expectation: [true]
ok 481 - Service: rsyslog: running: matches expectation: [true]
not ok 482 - Mount: /var/log/audit: exists: doesn't match, expect: [true] found: [false]
not ok 483 - Mount: /tmp: exists: doesn't match, expect: [true] found: [false]
ok 484 - # SKIP Mount: /tmp: opts: skipped
not ok 485 - dot_file_perms: exit-status: Error: Command execution timed out (10s)
not ok 486 - dot_file_perms: stdout: Error: Command execution timed out (10s)
ok 487 - Service: coredump: enabled: matches expectation: [false]
ok 488 - Service: coredump: running: matches expectation: [false]
ok 489 - Service: cron: enabled: matches expectation: [true]
ok 490 - Service: cron: running: matches expectation: [true]
ok 491 - Service: timesyncd: enabled: matches expectation: [false]
ok 492 - Service: timesyncd: running: matches expectation: [false]
not ok 493 - Service: chronyd: enabled: doesn't match, expect: [true] found: [false]
not ok 494 - Service: chronyd: running: doesn't match, expect: [true] found: [false]
ok 495 - Service: autofs: enabled: matches expectation: [false]
ok 496 - Service: autofs: running: matches expectation: [false]
ok 497 - Package: vsftpd: installed: matches expectation: [false]
not ok 498 - dot_netrc_files: exit-status: Error: Command execution timed out (10s)
not ok 499 - dot_netrc_files: stdout: Error: Command execution timed out (10s)
not ok 500 - apparmor_enf_or_comp: exit-status: Error: Command execution timed out (10s)
not ok 501 - apparmor_enf_or_comp: stdout: Error: Command execution timed out (10s)
ok 502 - Command: check_updates: exit-status: matches expectation: [0]
not ok 503 - Command: check_updates: stdout: patterns not found: [/^All packages are up to date/]
not ok 504 - audit_suid_exec: exit-status: Error: Command execution timed out (1m0s)
not ok 505 - audit_suid_exec: stdout: Error: Command execution timed out (1m0s)
not ok 506 - no_ungrouped: exit-status: Error: Command execution timed out (1m0s)
not ok 507 - no_ungrouped: stdout: Error: Command execution timed out (1m0s)
not ok 508 - unowned_dirs: exit-status: Error: Command execution timed out (1m0s)
not ok 509 - unowned_dirs: stdout: Error: Command execution timed out (1m0s)
not ok 510 - audit_sgid: exit-status: Error: Command execution timed out (1m0s)
not ok 511 - audit_sgid: stdout: Error: Command execution timed out (1m0s)
not ok 512 - sticky_bit: exit-status: Error: Command execution timed out (1m0s)
not ok 513 - sticky_bit: stdout: Error: Command execution timed out (1m0s)
not ok 514 - world_writable: exit-status: Error: Command execution timed out (1m0s)
not ok 515 - world_writable: stdout: Error: Command execution timed out (1m0s)
